// Jest Snapshot v1, https://goo.gl/fbAQLP

exports[`SearchHeader component renders the UI as expected 1`] = `
<header
  className="SearchHeader"
>
  <form
    className="searchBarNav"
  >
    <label
      htmlFor="search"
    >
      Search: 
    </label>
    <input
      id="search"
      name="search"
      type="text"
    />
    <label
      htmlFor="sort"
    >
      Sort: 
    </label>
    <select
      id="sort"
      name="sort"
    >
      <option
        value="title"
      >
        Title
      </option>
      <option
        value="rating"
      >
        Rating
      </option>
    </select>
    <button
      type="submit"
    >
      Go
    </button>
  </form>
  <a
    href="/addgame"
    onClick={[Function]}
  >
    Add a Game
  </a>
</header>
`;
