// Jest Snapshot v1, https://goo.gl/fbAQLP

exports[`LoginForm component renders the form as expected 1`] = `
<form
  className="LoginForm"
  onSubmit={[Function]}
>
  <div
    className="LoginForm__header"
  >
    <h2>
      Login Here
    </h2>
  </div>
  <div
    role="alert"
  />
  <div
    className="user_name"
  >
    <label
      htmlFor="LoginForm__username"
    >
      Username
    </label>
    <input
      className="Input "
      id="LoginForm__username"
      name="username"
      type="text"
    />
  </div>
  <div
    className="password"
  >
    <label
      htmlFor="LoginForm__password"
    >
      Password
    </label>
    <input
      className="Input "
      id="LoginForm__password"
      name="password"
      type="password"
    />
  </div>
  <button
    className="Button "
    type="submit"
  >
    Login
  </button>
</form>
`;
